# CVS $Revision: $ $Author: $ -- Fri Aug 31 15:52:18 2018 -- reformated by prettylst.pl v1.51 (build 23662)
# $ $Author: Andrew Wilson (nuance) $
SOURCELONG:Tome of Horrors Complete	SOURCESHORT:TOHC	SOURCEWEB:http://froggodgames.com/tome-horrors-complete	SOURCEDATE:2014-03
# ORIGINAL ENTRY: Andrew Wilson
# ORIGINAL ENTRY DATE: 2014/03/22

###Block A

# Race Name		Move				Reach		Bonus Languages							Stat bonus														Modify VAR																																Automatically Gained Armor Prof.			Automatically Gained Language	Automatically Gained Weapon Prof.		Ability																																																									Natural Attacks																						Spell Res.	Damage Reduction	Monster Class Name and Starting Level	Main Race Type		Race Subtype					Challenge Rating	Source Page		Innate Spells							Apply Kit	Bonus										FACT
Aberant		MOVE:Walk,20		REACH:10	LANGBONUS:Aklo,Dwarven,Gnome,Goblin,Orc,Undercommon	BONUS:STAT|STR|12	BONUS:STAT|DEX|-2	BONUS:STAT|CON|6	BONUS:STAT|WIS|4				BONUS:VAR|AC_Natural_Armor|7|TYPE=Base																											AUTO:ARMORPROF|ARMORTYPE=Light|ARMORTYPE=Medium	AUTO:LANG|Common|Giant		AUTO:WEAPONPROF|TYPE=Simple|TYPE=Martial	ABILITY:Internal|AUTOMATIC|Racial Abilities ~ Aberant																																																																															MONSTERCLASS:Humanoid:8				RACETYPE:Humanoid		RACESUBTYPE:Giant					CR:5			SOURCEPAGE:p.12										KIT:1|NE											FACT:BaseSize|L
Abyssal Harvester	MOVE:Walk,20		REACH:20										BONUS:STAT|STR|30	BONUS:STAT|CON|18	BONUS:STAT|WIS|6	BONUS:STAT|CHA|2				BONUS:VAR|AcidResistanceBonus|10	BONUS:VAR|ColdResistanceBonus|10	BONUS:VAR|FireResistanceBonus|10	BONUS:VAR|AC_Natural_Armor|22|TYPE=Base																	AUTO:LANG|Abyssal										ABILITY:Internal|AUTOMATIC|Racial Abilities ~ Abyssal Harvester	ABILITY:Special Ability|AUTOMATIC|Can't Be Tripped	ABILITY:Special Ability|AUTOMATIC|Immunity to Poison	ABILITY:Special Ability|AUTOMATIC|Resistance to Acid	ABILITY:Special Ability|AUTOMATIC|Resistance to Cold	ABILITY:Special Ability|AUTOMATIC|Resistance to Fire			NATURALATTACKS:Tentacle,Weapon.Natural.Melee.Bludgeoning,*6,4d4,SPROP=grab														DR:15/Cold Iron	MONSTERCLASS:Aberration:21			RACETYPE:Aberration	RACESUBTYPE:Chaotic|Evil|Extraplanar	CR:17			SOURCEPAGE:p.14	SPELLS:Innate|TIMES=ATWILL|CASTERLEVEL=TL|Plane Shift	KIT:1|CE											FACT:BaseSize|G
Abyssal Larva	MOVE:Walk,20		REACH:5										BONUS:STAT|INT|-8	BONUS:STAT|CHA|-4										BONUS:VAR|AcidResistanceBonus|5	BONUS:VAR|ColdResistanceBonus|5	BONUS:VAR|FireResistanceBonus|5	BONUS:VAR|AC_Natural_Armor|4|TYPE=Base																													ABILITY:Internal|AUTOMATIC|Racial Abilities ~ Abyssal Larva	ABILITY:Special Ability|AUTOMATIC|Can't Be Tripped	ABILITY:Special Ability|AUTOMATIC|Immunity to Mind-Affecting Effects	ABILITY:Special Ability|AUTOMATIC|Resistance to Acid	ABILITY:Special Ability|AUTOMATIC|Resistance to Cold	ABILITY:Special Ability|AUTOMATIC|Resistance to Fire	NATURALATTACKS:Bite,Weapon.Natural.Melee.Bludgeoning.Piercing.Slashing,*1,1d4,SPROP=1d4 acid														MONSTERCLASS:Outsider (Fort/Ref):1		RACETYPE:Outsider		RACESUBTYPE:Chaotic|Evil|Extraplanar	CR:1			SOURCEPAGE:p.15										KIT:1|CE											FACT:BaseSize|M
Adherer		MOVE:Walk,30		REACH:5										BONUS:STAT|STR|4	BONUS:STAT|DEX|2	BONUS:STAT|CON|4	BONUS:STAT|INT|-6				BONUS:VAR|AC_Natural_Armor|5|TYPE=Base																																															ABILITY:Internal|AUTOMATIC|Racial Abilities ~ Adherer	ABILITY:Special Ability|AUTOMATIC|Vulnerability to Fire																																								NATURALATTACKS:Slam,Weapon.Natural.Melee.Bludgeoning,*2,1d6,SPROP=adhesive														DR:5/Piercing	MONSTERCLASS:Aberration:4			RACETYPE:Aberration								CR:3															KIT:1|LE	BONUS:Skill|Stealth (Camouflaged using sticks and leaves)|8	FACT:BaseSize|M
Aerial Servant	MOVE:Walk,60,Fly,60	REACH:5										BONUS:STAT|STR|12	BONUS:STAT|DEX|12	BONUS:STAT|CON|12	BONUS:STAT|INT|-6				BONUS:VAR|AC_Natural_Armor|8|TYPE=Base	BONUS:VAR|CMB_Grapple|4|TYPE=Racial																													AUTO:LANG|Auran										ABILITY:Internal|AUTOMATIC|Racial Abilities ~ Aerial Servant																																																NATURALATTACKS:Slam,Weapon.Natural.Melee.Bludgeoning,*2,2d8,SPROP=grab	NATURALATTACKS:Constrict,Weapon.Natural.Melee.Bludgeoning,*1,2d8+6			DR:10/Magic		MONSTERCLASS:Outsider (Ref/Will):12		RACETYPE:Outsider		RACESUBTYPE:Air|Elemental|Extraplanar	CR:11			SOURCEPAGE:p.17										KIT:1|TN	BONUS:Skill|Survival|4|Type=Racial					FACT:BaseSize|M
Afanc			MOVE:Walk,5,Swim,60	REACH:20										BONUS:STAT|STR|32	BONUS:STAT|DEX|2	BONUS:STAT|CON|18	BONUS:STAT|INT|-8	BONUS:STAT|WIS|4	BONUS:VAR|AcidResistanceBonus|10	BONUS:VAR|ColdResistanceBonus|10	BONUS:VAR|FireResistanceBonus|10	BONUS:VAR|AC_Natural_Armor|20|TYPE=Base	BONUS:VAR|CMB_Grapple,CMB_Sunder|4|TYPE=Racial																					ABILITY:Special Ability|AUTOMATIC|Immunity to Poison	ABILITY:Internal|AUTOMATIC|Racial Abilities ~ Afanc	ABILITY:Special Ability|AUTOMATIC|Can't Be Tripped	ABILITY:Special Ability|AUTOMATIC|Telepathy																								NATURALATTACKS:Bite,Weapon.Natural.Melee.Bludgeoning.Piercing.Slashing,*1,5d6+16	NATURALATTACKS:Claw,Weapon.Natural.Melee.Slashing,*2,2d8+15	SR:28		DR:15/adamantine	MONSTERCLASS:Magical Beast:23			RACETYPE:Magical Beast	RACESUBTYPE:Aquatic				CR:17															KIT:1|TN											FACT:BaseSize|C
